Program: <CCNDRVR> Arguments: </CXX>
DDNames:
  SYSPRINT=*
  SYSIN=IBMUSER.TEST.C(MAIN)
  SYSLIN=IBMUSER.TEST.OBJ(MAIN)
Dynalloc succeeded for SYSPRINT (temporary dataset for console)
Dynalloc succeeded for SYSIN=IBMUSER.TEST.C(MAIN)
Dynalloc succeeded for SYSLIN=IBMUSER.TEST.OBJ(MAIN)
OS Load program CCNDRVR 
Addressing mode: AMODE31
Exit code: 0 from CCNDRVR
