0IDC0508I DATA ALLOCATION STATUS FOR VOLUME B2SYS1 IS 0
0IDC0509I INDEX ALLOCATION STATUS FOR VOLUME B2SYS1 IS 0
0IDC0512I NAME GENERATED-(D) IBMUSER.DATA.VSAM.DATA
0IDC0512I NAME GENERATED-(I) IBMUSER.DATA.VSAM.INDEX
0IDC0001I FUNCTION COMPLETED, HIGHEST CONDITION CODE WAS 0
0IDC0005I NUMBER OF RECORDS PROCESSED WAS 1
0IDC0001I FUNCTION COMPLETED, HIGHEST CONDITION CODE WAS 0
0IDC0002I IDCAMS PROCESSING COMPLETE. MAXIMUM CONDITION CODE WAS 0
0IDC0001I FUNCTION COMPLETED, HIGHEST CONDITION CODE WAS 0
0IDC0550I ENTRY (D) IBMUSER.DATA.VSAM.DATA DELETED
0IDC0550I ENTRY (I) IBMUSER.DATA.VSAM.INDEX DELETED
0IDC0550I ENTRY (C) IBMUSER.DATA.VSAM DELETED
0IDC0001I FUNCTION COMPLETED, HIGHEST CONDITION CODE WAS 0
0IDC0002I IDCAMS PROCESSING COMPLETE. MAXIMUM CONDITION CODE WAS 0
