alloc dsn(TEST.PLI.SYSUT1) dsorg(ps) catalog tracks space(100,10)
-                     Options Specified
0  Install:
0  Command:
0  Install:
- Compiler Messages
0 Message       Line.File Message Description
0 IBM1085I W      35.0    TOK may be uninitialized when used.
- File Reference Table
0   File    Included From  Name
0      0                   IBMUSER.TEST.PLI(MAIN)
- Component    Return Code    Messages (Total/Suppressed)    Time
0 End of compilation of PLICALC
delete TEST.PLI.SYSUT1
IDC0550I ENTRY (A) IBMUSER.TEST.PLI.SYSUT1 DELETED
